// Jest Snapshot v1, https://goo.gl/fbAQLP

exports[`seriesLayers should create layers for series data 1`] = `
<g
  data-series="0"
/>
`;

exports[`seriesLayers should remove layers for series data 1`] = `
<g>
  <g
    data-series="a"
  />
  <g
    data-series="d"
  />
  <g
    data-series="c"
  />
</g>
`;

exports[`seriesLayers should set series style and class 1`] = `
<g>
  <g
    class="series-0"
    data-series="a"
    style="fill: blue;"
  />
  <g
    class="series-1"
    data-series="b"
    style="fill: green;"
  />
  <g
    class="series-2"
    data-series="c"
    style="fill: yellow;"
  />
</g>
`;
